mode: set
github.com/jkleemann/coltty/adapter/adapter.go:25.64,26.29 1 1
github.com/jkleemann/coltty/adapter/adapter.go:26.29,27.17 1 1
github.com/jkleemann/coltty/adapter/adapter.go:27.17,29.4 1 1
github.com/jkleemann/coltty/adapter/adapter.go:31.2,31.12 1 1
github.com/jkleemann/coltty/adapter/adapter.go:36.38,58.2 1 1
github.com/jkleemann/coltty/adapter/color.go:11.38,13.19 2 1
github.com/jkleemann/coltty/adapter/color.go:13.19,15.3 1 1
github.com/jkleemann/coltty/adapter/color.go:16.2,16.62 1 1
github.com/jkleemann/coltty/adapter/color.go:16.62,18.3 1 1
github.com/jkleemann/coltty/adapter/color.go:19.2,19.62 1 1
github.com/jkleemann/coltty/adapter/color.go:19.62,21.3 1 1
github.com/jkleemann/coltty/adapter/color.go:22.2,22.62 1 1
github.com/jkleemann/coltty/adapter/color.go:22.62,24.3 1 1
github.com/jkleemann/coltty/adapter/color.go:25.2,25.12 1 1
github.com/jkleemann/coltty/adapter/color.go:32.54,33.41 1 1
github.com/jkleemann/coltty/adapter/color.go:33.41,35.3 1 1
github.com/jkleemann/coltty/adapter/color.go:37.2,42.62 5 1
github.com/jkleemann/coltty/adapter/ghostty.go:21.61,22.24 1 1
github.com/jkleemann/coltty/adapter/ghostty.go:22.24,25.3 2 1
github.com/jkleemann/coltty/adapter/ghostty.go:26.2,26.52 1 1
github.com/jkleemann/coltty/adapter/ghostty.go:29.40,31.2 1 1
github.com/jkleemann/coltty/adapter/ghostty.go:33.40,35.2 1 1
github.com/jkleemann/coltty/adapter/ghostty.go:37.62,39.48 1 1
github.com/jkleemann/coltty/adapter/ghostty.go:39.48,41.3 1 1
github.com/jkleemann/coltty/adapter/ghostty.go:44.2,44.47 1 1
github.com/jkleemann/coltty/adapter/ghostty.go:44.47,46.3 1 1
github.com/jkleemann/coltty/adapter/ghostty.go:48.2,48.12 1 1
github.com/jkleemann/coltty/adapter/ghostty.go:51.70,55.47 3 1
github.com/jkleemann/coltty/adapter/ghostty.go:55.47,57.3 1 0
github.com/jkleemann/coltty/adapter/ghostty.go:59.2,59.76 1 1
github.com/jkleemann/coltty/adapter/ghostty.go:59.76,61.3 1 1
github.com/jkleemann/coltty/adapter/ghostty.go:63.2,63.12 1 1
github.com/jkleemann/coltty/adapter/ghostty.go:67.72,70.29 2 1
github.com/jkleemann/coltty/adapter/ghostty.go:70.29,72.3 1 1
github.com/jkleemann/coltty/adapter/ghostty.go:73.2,73.29 1 1
github.com/jkleemann/coltty/adapter/ghostty.go:73.29,75.3 1 1
github.com/jkleemann/coltty/adapter/ghostty.go:76.2,76.25 1 1
github.com/jkleemann/coltty/adapter/ghostty.go:76.25,78.3 1 1
github.com/jkleemann/coltty/adapter/ghostty.go:79.2,79.39 1 1
github.com/jkleemann/coltty/adapter/ghostty.go:79.39,81.3 1 1
github.com/jkleemann/coltty/adapter/ghostty.go:83.2,83.19 1 1
github.com/jkleemann/coltty/adapter/iterm2.go:16.38,18.2 1 1
github.com/jkleemann/coltty/adapter/iterm2.go:20.38,22.2 1 1
github.com/jkleemann/coltty/adapter/iterm2.go:24.38,26.2 1 1
github.com/jkleemann/coltty/adapter/iterm2.go:28.60,30.47 1 1
github.com/jkleemann/coltty/adapter/iterm2.go:30.47,32.3 1 1
github.com/jkleemann/coltty/adapter/iterm2.go:35.2,37.12 2 1
github.com/jkleemann/coltty/adapter/iterm2.go:41.64,42.26 1 1
github.com/jkleemann/coltty/adapter/iterm2.go:42.26,44.3 1 1
github.com/jkleemann/coltty/adapter/iterm2.go:46.2,47.14 2 1
github.com/jkleemann/coltty/adapter/iterm2.go:47.14,49.3 1 0
github.com/jkleemann/coltty/adapter/iterm2.go:51.2,53.40 2 1
github.com/jkleemann/coltty/adapter/iterm2.go:53.40,55.3 1 1
github.com/jkleemann/coltty/adapter/iterm2.go:56.2,56.41 1 1
github.com/jkleemann/coltty/adapter/iterm2.go:56.41,58.3 1 1
github.com/jkleemann/coltty/adapter/iterm2.go:59.2,59.57 1 1
github.com/jkleemann/coltty/adapter/iterm2.go:59.57,61.3 1 1
github.com/jkleemann/coltty/adapter/iterm2.go:62.2,62.57 1 1
github.com/jkleemann/coltty/adapter/iterm2.go:62.57,64.3 1 1
github.com/jkleemann/coltty/adapter/iterm2.go:65.2,65.49 1 1
github.com/jkleemann/coltty/adapter/iterm2.go:65.49,67.3 1 1
github.com/jkleemann/coltty/adapter/iterm2.go:69.2,69.25 1 1
github.com/jkleemann/coltty/adapter/iterm2.go:73.37,75.2 1 1
github.com/jkleemann/coltty/adapter/osc.go:18.57,20.14 2 1
github.com/jkleemann/coltty/adapter/osc.go:20.14,22.3 1 1
github.com/jkleemann/coltty/adapter/osc.go:24.2,26.29 2 1
github.com/jkleemann/coltty/adapter/osc.go:26.29,28.3 1 1
github.com/jkleemann/coltty/adapter/osc.go:29.2,29.29 1 1
github.com/jkleemann/coltty/adapter/osc.go:29.29,31.3 1 1
github.com/jkleemann/coltty/adapter/osc.go:32.2,32.25 1 1
github.com/jkleemann/coltty/adapter/osc.go:32.25,34.3 1 1
github.com/jkleemann/coltty/adapter/osc.go:35.2,35.39 1 1
github.com/jkleemann/coltty/adapter/osc.go:35.39,37.3 1 1
github.com/jkleemann/coltty/adapter/osc.go:39.2,39.32 1 1
github.com/jkleemann/coltty/adapter/osc.go:44.49,45.18 1 1
github.com/jkleemann/coltty/adapter/osc.go:45.18,47.3 1 1
github.com/jkleemann/coltty/adapter/osc.go:48.2,48.14 1 1
github.com/jkleemann/coltty/adapter/osc.go:48.14,50.3 1 1
github.com/jkleemann/coltty/adapter/osc.go:51.2,52.12 2 1
github.com/jkleemann/coltty/adapter/osc.go:63.36,65.2 1 1
github.com/jkleemann/coltty/adapter/osc.go:67.36,69.2 1 1
github.com/jkleemann/coltty/adapter/osc.go:71.58,74.2 2 1
github.com/jkleemann/coltty/adapter/terminal_app.go:19.50,21.2 1 1
github.com/jkleemann/coltty/adapter/terminal_app.go:23.44,25.2 1 1
github.com/jkleemann/coltty/adapter/terminal_app.go:27.44,29.2 1 1
github.com/jkleemann/coltty/adapter/terminal_app.go:31.66,33.67 2 1
github.com/jkleemann/coltty/adapter/terminal_app.go:33.67,35.3 1 1
github.com/jkleemann/coltty/adapter/terminal_app.go:37.2,37.19 1 1
github.com/jkleemann/coltty/adapter/terminal_app.go:37.19,39.3 1 1
github.com/jkleemann/coltty/adapter/terminal_app.go:41.2,42.16 2 1
github.com/jkleemann/coltty/adapter/terminal_app.go:42.16,44.3 1 1
github.com/jkleemann/coltty/adapter/terminal_app.go:46.2,47.19 2 1
github.com/jkleemann/coltty/adapter/terminal_app.go:47.19,49.3 1 0
github.com/jkleemann/coltty/adapter/terminal_app.go:50.2,50.23 1 1
github.com/jkleemann/coltty/adapter/terminal_app.go:55.49,60.2 4 0
github.com/jkleemann/coltty/adapter/terminal_app.go:64.94,66.2 1 1
github.com/jkleemann/coltty/adapter/terminal_app.go:70.94,72.2 1 1
github.com/jkleemann/coltty/adapter/terminal_app.go:74.98,86.57 8 1
github.com/jkleemann/coltty/adapter/terminal_app.go:86.57,88.3 1 1
github.com/jkleemann/coltty/adapter/terminal_app.go:90.2,90.19 1 1
github.com/jkleemann/coltty/adapter/terminal_app.go:90.19,92.3 1 1
github.com/jkleemann/coltty/adapter/terminal_app.go:94.2,96.24 2 1
github.com/jkleemann/coltty/adapter/terminal_app.go:99.77,111.26 3 1
github.com/jkleemann/coltty/adapter/terminal_app.go:111.26,112.18 1 1
github.com/jkleemann/coltty/adapter/terminal_app.go:112.18,113.12 1 1
github.com/jkleemann/coltty/adapter/terminal_app.go:115.3,116.17 2 1
github.com/jkleemann/coltty/adapter/terminal_app.go:116.17,118.4 1 1
github.com/jkleemann/coltty/adapter/terminal_app.go:119.3,119.71 1 1
github.com/jkleemann/coltty/adapter/terminal_app.go:122.2,122.12 1 1
github.com/jkleemann/coltty/adapter/terminals.go:9.40,12.27 1 1
github.com/jkleemann/coltty/adapter/terminals.go:12.27,12.78 1 1
github.com/jkleemann/coltty/adapter/terminals.go:17.36,20.27 1 1
github.com/jkleemann/coltty/adapter/terminals.go:20.27,20.74 1 1
github.com/jkleemann/coltty/adapter/terminals.go:25.38,28.27 1 1
github.com/jkleemann/coltty/adapter/terminals.go:28.27,28.76 1 1
github.com/jkleemann/coltty/adapter/terminals.go:33.36,36.27 1 1
github.com/jkleemann/coltty/adapter/terminals.go:36.27,36.70 1 1
github.com/jkleemann/coltty/adapter/terminals.go:41.35,44.27 1 1
github.com/jkleemann/coltty/adapter/terminals.go:44.27,47.4 2 1
github.com/jkleemann/coltty/adapter/terminals.go:52.38,55.27 1 1
github.com/jkleemann/coltty/adapter/terminals.go:55.27,55.77 1 1
github.com/jkleemann/coltty/adapter/terminals.go:60.36,63.27 1 1
github.com/jkleemann/coltty/adapter/terminals.go:63.27,63.74 1 1
github.com/jkleemann/coltty/adapter/terminals.go:68.36,71.27 1 1
github.com/jkleemann/coltty/adapter/terminals.go:71.27,71.74 1 1
github.com/jkleemann/coltty/adapter/terminals.go:76.33,79.27 1 1
github.com/jkleemann/coltty/adapter/terminals.go:79.27,83.4 2 1
github.com/jkleemann/coltty/adapter/terminals.go:88.36,91.27 1 1
github.com/jkleemann/coltty/adapter/terminals.go:91.27,93.4 1 1
github.com/jkleemann/coltty/adapter/terminals.go:100.34,103.27 1 1
github.com/jkleemann/coltty/adapter/terminals.go:103.27,103.68 1 1
github.com/jkleemann/coltty/adapter/tmux.go:9.20,11.2 1 1
github.com/jkleemann/coltty/adapter/tmux.go:14.22,16.2 1 1
github.com/jkleemann/coltty/adapter/tmux.go:21.51,24.32 3 1
github.com/jkleemann/coltty/adapter/tmux.go:24.32,30.3 4 1
github.com/jkleemann/coltty/adapter/tmux.go:31.2,31.19 1 1
github.com/jkleemann/coltty/adapter/tmux.go:36.43,38.17 2 1
github.com/jkleemann/coltty/adapter/tmux.go:38.17,41.18 2 1
github.com/jkleemann/coltty/adapter/tmux.go:41.18,42.9 1 1
github.com/jkleemann/coltty/adapter/tmux.go:45.3,46.16 2 1
github.com/jkleemann/coltty/adapter/tmux.go:46.16,49.9 2 1
github.com/jkleemann/coltty/adapter/tmux.go:52.3,54.17 3 1
github.com/jkleemann/coltty/adapter/tmux.go:56.2,56.18 1 1
github.com/jkleemann/coltty/cmd_import.go:37.54,38.24 1 0
github.com/jkleemann/coltty/cmd_import.go:38.24,44.4 5 0
github.com/jkleemann/coltty/cmd_import.go:46.3,46.21 1 0
github.com/jkleemann/coltty/cmd_import.go:46.21,48.4 1 0
github.com/jkleemann/coltty/cmd_import.go:50.3,52.19 3 0
github.com/jkleemann/coltty/cmd_import.go:52.19,54.20 2 0
github.com/jkleemann/coltty/cmd_import.go:54.20,56.5 1 0
github.com/jkleemann/coltty/cmd_import.go:59.3,60.17 2 0
github.com/jkleemann/coltty/cmd_import.go:60.17,62.4 1 0
github.com/jkleemann/coltty/cmd_import.go:64.3,67.17 3 0
github.com/jkleemann/coltty/cmd_import.go:67.17,68.26 1 0
github.com/jkleemann/coltty/cmd_import.go:68.26,71.5 2 0
github.com/jkleemann/coltty/cmd_import.go:71.10,73.5 1 0
github.com/jkleemann/coltty/cmd_import.go:76.3,76.19 1 0
github.com/jkleemann/coltty/cmd_import.go:76.19,78.4 1 0
github.com/jkleemann/coltty/cmd_import.go:81.3,82.13 2 0
github.com/jkleemann/coltty/cmd_import.go:86.39,88.13 2 1
github.com/jkleemann/coltty/cmd_import.go:89.15,90.16 1 1
github.com/jkleemann/coltty/cmd_import.go:91.23,92.18 1 1
github.com/jkleemann/coltty/cmd_import.go:93.22,94.18 1 1
github.com/jkleemann/coltty/cmd_import.go:95.10,96.12 1 1
github.com/jkleemann/coltty/cmd_import.go:100.62,101.16 1 1
github.com/jkleemann/coltty/cmd_import.go:102.14,103.26 1 1
github.com/jkleemann/coltty/cmd_import.go:104.16,105.28 1 1
github.com/jkleemann/coltty/cmd_import.go:106.16,107.28 1 1
github.com/jkleemann/coltty/cmd_import.go:108.10,109.97 1 1
github.com/jkleemann/coltty/cmd_import.go:114.53,120.24 6 1
github.com/jkleemann/coltty/cmd_import.go:120.24,122.42 2 1
github.com/jkleemann/coltty/cmd_import.go:122.42,124.28 2 1
github.com/jkleemann/coltty/cmd_import.go:124.28,126.5 1 0
github.com/jkleemann/coltty/cmd_import.go:127.4,128.39 2 1
github.com/jkleemann/coltty/cmd_import.go:128.39,130.5 1 1
github.com/jkleemann/coltty/cmd_import.go:131.4,133.28 3 1
github.com/jkleemann/coltty/cmd_import.go:133.28,135.5 1 1
github.com/jkleemann/coltty/cmd_import.go:136.4,136.23 1 1
github.com/jkleemann/coltty/cmd_import.go:138.3,138.23 1 1
github.com/jkleemann/coltty/cmd_import.go:140.2,140.18 1 1
github.com/jkleemann/coltty/cmd_import.go:140.18,142.3 1 1
github.com/jkleemann/coltty/cmd_import.go:143.2,143.33 1 1
github.com/jkleemann/coltty/cmd_import.go:143.33,145.3 1 1
github.com/jkleemann/coltty/cmd_import.go:146.2,146.33 1 1
github.com/jkleemann/coltty/cmd_import.go:146.33,148.3 1 1
github.com/jkleemann/coltty/cmd_import.go:149.2,149.17 1 1
github.com/jkleemann/coltty/cmd_import.go:149.17,151.3 1 1
github.com/jkleemann/coltty/cmd_import.go:152.2,152.19 1 1
github.com/jkleemann/coltty/cmd_import.go:157.61,162.16 4 1
github.com/jkleemann/coltty/cmd_import.go:162.16,164.3 1 0
github.com/jkleemann/coltty/cmd_import.go:166.2,167.16 2 1
github.com/jkleemann/coltty/cmd_import.go:167.16,169.3 1 1
github.com/jkleemann/coltty/cmd_import.go:170.2,170.16 1 1
github.com/jkleemann/coltty/cmd_import.go:170.16,172.3 1 1
github.com/jkleemann/coltty/cmd_import.go:173.2,173.24 1 1
github.com/jkleemann/coltty/cmd_import.go:173.24,175.3 1 1
github.com/jkleemann/coltty/cmd_import.go:177.2,177.44 1 1
github.com/jkleemann/coltty/cmd_import.go:177.44,179.3 1 1
github.com/jkleemann/coltty/cmd_import.go:180.2,183.68 2 1
github.com/jkleemann/coltty/cmd_import.go:183.68,185.3 1 0
github.com/jkleemann/coltty/cmd_import.go:188.2,189.16 2 1
github.com/jkleemann/coltty/cmd_import.go:189.16,191.3 1 1
github.com/jkleemann/coltty/cmd_import.go:192.2,194.62 2 1
github.com/jkleemann/coltty/cmd_import.go:194.62,198.3 3 0
github.com/jkleemann/coltty/cmd_import.go:200.2,200.41 1 1
github.com/jkleemann/coltty/cmd_import.go:200.41,203.3 2 0
github.com/jkleemann/coltty/cmd_import.go:205.2,205.56 1 1
github.com/jkleemann/coltty/cmd_import.go:205.56,208.3 2 0
github.com/jkleemann/coltty/cmd_import.go:210.2,211.12 2 1
github.com/jkleemann/coltty/cmd_import.go:216.65,220.25 4 1
github.com/jkleemann/coltty/cmd_import.go:220.25,221.49 1 1
github.com/jkleemann/coltty/cmd_import.go:221.49,223.4 1 1
github.com/jkleemann/coltty/cmd_import.go:225.2,225.18 1 1
github.com/jkleemann/coltty/cmd_import.go:225.18,227.3 1 1
github.com/jkleemann/coltty/cmd_import.go:228.2,228.47 1 1
github.com/jkleemann/coltty/cmd_import.go:233.69,234.17 1 1
github.com/jkleemann/coltty/cmd_import.go:234.17,237.3 2 1
github.com/jkleemann/coltty/cmd_import.go:238.2,239.6 2 1
github.com/jkleemann/coltty/cmd_import.go:239.6,241.23 2 1
github.com/jkleemann/coltty/cmd_import.go:241.23,244.4 2 1
github.com/jkleemann/coltty/cmd_import.go:245.3,245.12 1 1
github.com/jkleemann/coltty/cmd_import.go:249.36,268.55 5 1
github.com/jkleemann/coltty/cmd_import.go:268.55,269.25 1 1
github.com/jkleemann/coltty/cmd_import.go:269.25,275.5 5 1
github.com/jkleemann/coltty/cmd_import.go:277.4,277.22 1 1
github.com/jkleemann/coltty/cmd_import.go:277.22,279.5 1 0
github.com/jkleemann/coltty/cmd_import.go:281.4,283.20 3 1
github.com/jkleemann/coltty/cmd_import.go:283.20,285.21 2 1
github.com/jkleemann/coltty/cmd_import.go:285.21,287.6 1 0
github.com/jkleemann/coltty/cmd_import.go:290.4,291.18 2 1
github.com/jkleemann/coltty/cmd_import.go:291.18,293.5 1 1
github.com/jkleemann/coltty/cmd_import.go:295.4,298.18 3 1
github.com/jkleemann/coltty/cmd_import.go:298.18,299.27 1 1
github.com/jkleemann/coltty/cmd_import.go:299.27,302.6 2 1
github.com/jkleemann/coltty/cmd_import.go:302.11,304.6 1 1
github.com/jkleemann/coltty/cmd_import.go:307.4,307.20 1 1
github.com/jkleemann/coltty/cmd_import.go:307.20,309.5 1 1
github.com/jkleemann/coltty/cmd_import.go:311.4,312.14 2 1
github.com/jkleemann/coltty/cmd_import.go:316.2,321.18 5 1
github.com/jkleemann/coltty/cmd_import.go:324.13,331.2 5 1
github.com/jkleemann/coltty/cmd_setup.go:27.54,29.17 2 0
github.com/jkleemann/coltty/cmd_setup.go:29.17,31.4 1 0
github.com/jkleemann/coltty/cmd_setup.go:34.3,35.41 2 0
github.com/jkleemann/coltty/cmd_setup.go:35.41,37.4 1 0
github.com/jkleemann/coltty/cmd_setup.go:38.3,38.23 1 0
github.com/jkleemann/coltty/cmd_setup.go:38.23,39.43 1 0
github.com/jkleemann/coltty/cmd_setup.go:39.43,41.5 1 0
github.com/jkleemann/coltty/cmd_setup.go:44.3,44.24 1 0
github.com/jkleemann/coltty/cmd_setup.go:44.24,47.4 2 0
github.com/jkleemann/coltty/cmd_setup.go:50.3,51.29 2 0
github.com/jkleemann/coltty/cmd_setup.go:51.29,53.4 1 0
github.com/jkleemann/coltty/cmd_setup.go:54.3,57.20 3 0
github.com/jkleemann/coltty/cmd_setup.go:57.20,59.4 1 0
github.com/jkleemann/coltty/cmd_setup.go:61.3,62.30 2 0
github.com/jkleemann/coltty/cmd_setup.go:62.30,65.34 3 0
github.com/jkleemann/coltty/cmd_setup.go:65.34,67.5 1 0
github.com/jkleemann/coltty/cmd_setup.go:68.4,75.34 2 0
github.com/jkleemann/coltty/cmd_setup.go:75.34,77.5 1 0
github.com/jkleemann/coltty/cmd_setup.go:79.4,80.18 2 0
github.com/jkleemann/coltty/cmd_setup.go:80.18,82.13 2 0
github.com/jkleemann/coltty/cmd_setup.go:85.4,85.41 1 0
github.com/jkleemann/coltty/cmd_setup.go:85.41,87.13 2 0
github.com/jkleemann/coltty/cmd_setup.go:90.4,91.13 2 0
github.com/jkleemann/coltty/cmd_setup.go:94.3,95.13 2 0
github.com/jkleemann/coltty/cmd_setup.go:99.35,112.55 2 1
github.com/jkleemann/coltty/cmd_setup.go:112.55,114.18 2 1
github.com/jkleemann/coltty/cmd_setup.go:114.18,116.5 1 0
github.com/jkleemann/coltty/cmd_setup.go:118.4,119.42 2 1
github.com/jkleemann/coltty/cmd_setup.go:119.42,121.5 1 1
github.com/jkleemann/coltty/cmd_setup.go:122.4,122.24 1 1
github.com/jkleemann/coltty/cmd_setup.go:122.24,123.44 1 1
github.com/jkleemann/coltty/cmd_setup.go:123.44,125.6 1 1
github.com/jkleemann/coltty/cmd_setup.go:128.4,128.25 1 1
github.com/jkleemann/coltty/cmd_setup.go:128.25,131.5 2 0
github.com/jkleemann/coltty/cmd_setup.go:133.4,134.30 2 1
github.com/jkleemann/coltty/cmd_setup.go:134.30,136.5 1 1
github.com/jkleemann/coltty/cmd_setup.go:137.4,140.21 3 1
github.com/jkleemann/coltty/cmd_setup.go:140.21,142.5 1 0
github.com/jkleemann/coltty/cmd_setup.go:144.4,145.31 2 1
github.com/jkleemann/coltty/cmd_setup.go:145.31,148.35 3 1
github.com/jkleemann/coltty/cmd_setup.go:148.35,150.6 1 1
github.com/jkleemann/coltty/cmd_setup.go:151.5,158.35 2 1
github.com/jkleemann/coltty/cmd_setup.go:158.35,160.6 1 1
github.com/jkleemann/coltty/cmd_setup.go:162.5,163.19 2 1
github.com/jkleemann/coltty/cmd_setup.go:163.19,165.14 2 0
github.com/jkleemann/coltty/cmd_setup.go:168.5,168.42 1 1
github.com/jkleemann/coltty/cmd_setup.go:168.42,170.14 2 1
github.com/jkleemann/coltty/cmd_setup.go:173.5,174.14 2 1
github.com/jkleemann/coltty/cmd_setup.go:177.4,178.14 2 1
github.com/jkleemann/coltty/cmd_setup.go:182.2,183.17 2 1
github.com/jkleemann/coltty/cmd_setup.go:186.13,189.2 2 1
github.com/jkleemann/coltty/config.go:64.43,67.36 2 1
github.com/jkleemann/coltty/config.go:67.36,68.55 1 1
github.com/jkleemann/coltty/config.go:68.55,70.4 1 1
github.com/jkleemann/coltty/config.go:73.2,81.30 8 1
github.com/jkleemann/coltty/config.go:81.30,82.47 1 1
github.com/jkleemann/coltty/config.go:82.47,84.4 1 1
github.com/jkleemann/coltty/config.go:87.2,87.22 1 1
github.com/jkleemann/coltty/config.go:87.22,89.3 1 1
github.com/jkleemann/coltty/config.go:90.2,90.12 1 1
github.com/jkleemann/coltty/config.go:190.41,192.35 2 1
github.com/jkleemann/coltty/config.go:192.35,194.3 1 1
github.com/jkleemann/coltty/config.go:195.2,195.15 1 1
github.com/jkleemann/coltty/config.go:202.41,203.36 1 1
github.com/jkleemann/coltty/config.go:203.36,205.3 1 1
github.com/jkleemann/coltty/config.go:206.2,206.52 1 1
github.com/jkleemann/coltty/config.go:206.52,208.3 1 1
github.com/jkleemann/coltty/config.go:209.2,210.16 2 1
github.com/jkleemann/coltty/config.go:210.16,212.3 1 0
github.com/jkleemann/coltty/config.go:213.2,213.69 1 1
github.com/jkleemann/coltty/config.go:218.48,220.16 2 1
github.com/jkleemann/coltty/config.go:220.16,222.3 1 0
github.com/jkleemann/coltty/config.go:223.2,223.35 1 1
github.com/jkleemann/coltty/config.go:227.63,229.16 2 1
github.com/jkleemann/coltty/config.go:229.16,230.25 1 1
github.com/jkleemann/coltty/config.go:230.25,232.4 1 1
github.com/jkleemann/coltty/config.go:233.3,233.18 1 1
github.com/jkleemann/coltty/config.go:236.2,237.51 2 1
github.com/jkleemann/coltty/config.go:237.51,239.3 1 1
github.com/jkleemann/coltty/config.go:240.2,240.18 1 1
github.com/jkleemann/coltty/config.go:244.53,246.16 2 1
github.com/jkleemann/coltty/config.go:246.16,248.3 1 1
github.com/jkleemann/coltty/config.go:250.2,251.51 2 1
github.com/jkleemann/coltty/config.go:251.51,253.3 1 1
github.com/jkleemann/coltty/config.go:254.2,254.18 1 1
github.com/jkleemann/coltty/config.go:259.95,263.19 3 1
github.com/jkleemann/coltty/config.go:263.19,266.23 2 1
github.com/jkleemann/coltty/config.go:266.23,268.4 1 1
github.com/jkleemann/coltty/config.go:269.3,269.19 1 1
github.com/jkleemann/coltty/config.go:269.19,271.4 1 1
github.com/jkleemann/coltty/config.go:272.8,274.26 2 1
github.com/jkleemann/coltty/config.go:274.26,275.24 1 1
github.com/jkleemann/coltty/config.go:275.24,276.54 1 1
github.com/jkleemann/coltty/config.go:276.54,278.6 1 1
github.com/jkleemann/coltty/config.go:281.4,281.29 1 1
github.com/jkleemann/coltty/config.go:281.29,282.51 1 1
github.com/jkleemann/coltty/config.go:282.51,284.6 1 1
github.com/jkleemann/coltty/config.go:286.9,286.44 1 1
github.com/jkleemann/coltty/config.go:286.44,289.4 1 1
github.com/jkleemann/coltty/config.go:291.3,291.48 1 1
github.com/jkleemann/coltty/config.go:294.2,307.3 1 1
github.com/jkleemann/coltty/config.go:310.63,311.22 1 1
github.com/jkleemann/coltty/config.go:311.22,313.3 1 1
github.com/jkleemann/coltty/config.go:314.2,314.36 1 1
github.com/jkleemann/coltty/config.go:314.36,315.63 1 1
github.com/jkleemann/coltty/config.go:315.63,317.4 1 1
github.com/jkleemann/coltty/config.go:318.3,318.60 1 1
github.com/jkleemann/coltty/config.go:318.60,320.4 1 1
github.com/jkleemann/coltty/config.go:322.2,322.31 1 1
github.com/jkleemann/coltty/config.go:325.42,336.2 1 1
github.com/jkleemann/coltty/config.go:338.52,339.32 1 1
github.com/jkleemann/coltty/config.go:339.32,341.3 1 1
github.com/jkleemann/coltty/config.go:342.2,342.32 1 1
github.com/jkleemann/coltty/config.go:342.32,344.3 1 1
github.com/jkleemann/coltty/config.go:345.2,345.28 1 1
github.com/jkleemann/coltty/config.go:345.28,347.3 1 1
github.com/jkleemann/coltty/config.go:348.2,348.32 1 1
github.com/jkleemann/coltty/config.go:348.32,350.3 1 1
github.com/jkleemann/coltty/config.go:351.2,351.26 1 1
github.com/jkleemann/coltty/config.go:351.26,353.3 1 1
github.com/jkleemann/coltty/config.go:354.2,354.41 1 1
github.com/jkleemann/coltty/config.go:354.41,356.3 1 1
github.com/jkleemann/coltty/config.go:357.2,357.41 1 1
github.com/jkleemann/coltty/config.go:357.41,359.3 1 1
github.com/jkleemann/coltty/config.go:360.2,360.25 1 1
github.com/jkleemann/coltty/config.go:360.25,362.3 1 1
github.com/jkleemann/coltty/config.go:363.2,363.33 1 1
github.com/jkleemann/coltty/config.go:363.33,365.3 1 1
github.com/jkleemann/coltty/config.go:366.2,366.40 1 1
github.com/jkleemann/coltty/config.go:366.40,368.3 1 1
github.com/jkleemann/coltty/config.go:369.2,369.13 1 1
github.com/jkleemann/coltty/import_base16.go:33.56,35.16 2 1
github.com/jkleemann/coltty/import_base16.go:35.16,37.3 1 1
github.com/jkleemann/coltty/import_base16.go:39.2,40.53 2 1
github.com/jkleemann/coltty/import_base16.go:40.53,42.3 1 1
github.com/jkleemann/coltty/import_base16.go:44.2,44.31 1 1
github.com/jkleemann/coltty/import_base16.go:44.31,46.14 2 1
github.com/jkleemann/coltty/import_base16.go:46.14,48.4 1 0
github.com/jkleemann/coltty/import_base16.go:49.3,49.33 1 1
github.com/jkleemann/coltty/import_base16.go:49.33,51.4 1 1
github.com/jkleemann/coltty/import_base16.go:52.3,52.28 1 1
github.com/jkleemann/coltty/import_base16.go:64.2,78.34 3 1
github.com/jkleemann/coltty/import_gogh.go:34.54,36.16 2 1
github.com/jkleemann/coltty/import_gogh.go:36.16,38.3 1 1
github.com/jkleemann/coltty/import_gogh.go:40.2,41.53 2 1
github.com/jkleemann/coltty/import_gogh.go:41.53,43.3 1 1
github.com/jkleemann/coltty/import_gogh.go:45.2,63.32 3 1
github.com/jkleemann/coltty/import_gogh.go:67.36,69.13 2 1
github.com/jkleemann/coltty/import_gogh.go:69.13,71.3 1 1
github.com/jkleemann/coltty/import_gogh.go:72.2,72.32 1 1
github.com/jkleemann/coltty/import_gogh.go:72.32,74.3 1 1
github.com/jkleemann/coltty/import_gogh.go:75.2,75.27 1 1
github.com/jkleemann/coltty/import_iterm2.go:18.45,23.2 4 1
github.com/jkleemann/coltty/import_iterm2.go:25.56,27.16 2 1
github.com/jkleemann/coltty/import_iterm2.go:27.16,29.3 1 1
github.com/jkleemann/coltty/import_iterm2.go:31.2,33.16 3 1
github.com/jkleemann/coltty/import_iterm2.go:33.16,35.3 1 1
github.com/jkleemann/coltty/import_iterm2.go:37.2,37.38 1 1
github.com/jkleemann/coltty/import_iterm2.go:37.38,38.28 1 1
github.com/jkleemann/coltty/import_iterm2.go:38.28,40.4 1 1
github.com/jkleemann/coltty/import_iterm2.go:41.3,41.12 1 0
github.com/jkleemann/coltty/import_iterm2.go:44.2,45.26 2 1
github.com/jkleemann/coltty/import_iterm2.go:45.26,48.3 2 1
github.com/jkleemann/coltty/import_iterm2.go:50.2,60.24 2 1
github.com/jkleemann/coltty/main.go:24.54,26.17 2 0
github.com/jkleemann/coltty/main.go:26.17,28.4 1 0
github.com/jkleemann/coltty/main.go:29.3,30.13 2 0
github.com/jkleemann/coltty/main.go:41.54,43.17 2 0
github.com/jkleemann/coltty/main.go:43.17,45.4 1 0
github.com/jkleemann/coltty/main.go:47.3,48.17 2 0
github.com/jkleemann/coltty/main.go:48.17,50.4 1 0
github.com/jkleemann/coltty/main.go:52.3,53.17 2 0
github.com/jkleemann/coltty/main.go:53.17,55.4 1 0
github.com/jkleemann/coltty/main.go:57.3,57.45 1 0
github.com/jkleemann/coltty/main.go:57.45,59.4 1 0
github.com/jkleemann/coltty/main.go:61.3,61.18 1 0
github.com/jkleemann/coltty/main.go:61.18,64.4 2 0
github.com/jkleemann/coltty/main.go:66.3,68.40 2 0
github.com/jkleemann/coltty/main.go:68.40,70.4 1 0
github.com/jkleemann/coltty/main.go:72.3,73.15 2 0
github.com/jkleemann/coltty/main.go:73.15,74.19 1 0
github.com/jkleemann/coltty/main.go:74.19,76.5 1 0
github.com/jkleemann/coltty/main.go:77.4,77.14 1 0
github.com/jkleemann/coltty/main.go:80.3,80.48 1 0
github.com/jkleemann/coltty/main.go:80.48,81.19 1 0
github.com/jkleemann/coltty/main.go:81.19,83.5 1 0
github.com/jkleemann/coltty/main.go:84.4,84.14 1 0
github.com/jkleemann/coltty/main.go:87.3,87.18 1 0
github.com/jkleemann/coltty/main.go:87.18,89.4 1 0
github.com/jkleemann/coltty/main.go:91.3,91.13 1 0
github.com/jkleemann/coltty/main.go:98.54,100.17 2 0
github.com/jkleemann/coltty/main.go:100.17,102.4 1 0
github.com/jkleemann/coltty/main.go:104.3,105.17 2 0
github.com/jkleemann/coltty/main.go:105.17,107.4 1 0
github.com/jkleemann/coltty/main.go:109.3,110.17 2 0
github.com/jkleemann/coltty/main.go:110.17,112.4 1 0
github.com/jkleemann/coltty/main.go:114.3,115.13 2 0
github.com/jkleemann/coltty/main.go:122.54,124.17 2 0
github.com/jkleemann/coltty/main.go:124.17,126.4 1 0
github.com/jkleemann/coltty/main.go:128.3,129.23 2 0
github.com/jkleemann/coltty/main.go:129.23,131.4 1 0
github.com/jkleemann/coltty/main.go:134.3,141.41 3 0
github.com/jkleemann/coltty/main.go:141.41,143.4 1 0
github.com/jkleemann/coltty/main.go:146.3,146.23 1 0
github.com/jkleemann/coltty/main.go:146.23,147.43 1 0
github.com/jkleemann/coltty/main.go:147.43,149.49 2 0
github.com/jkleemann/coltty/main.go:149.49,151.6 1 0
github.com/jkleemann/coltty/main.go:152.5,152.53 1 0
github.com/jkleemann/coltty/main.go:156.3,156.24 1 0
github.com/jkleemann/coltty/main.go:156.24,159.4 2 0
github.com/jkleemann/coltty/main.go:161.3,162.29 2 0
github.com/jkleemann/coltty/main.go:162.29,164.4 1 0
github.com/jkleemann/coltty/main.go:165.3,167.30 2 0
github.com/jkleemann/coltty/main.go:167.30,170.29 3 0
github.com/jkleemann/coltty/main.go:170.29,172.5 1 0
github.com/jkleemann/coltty/main.go:173.4,173.127 1 0
github.com/jkleemann/coltty/main.go:176.3,176.13 1 0
github.com/jkleemann/coltty/main.go:184.54,188.17 3 0
github.com/jkleemann/coltty/main.go:188.17,190.4 1 0
github.com/jkleemann/coltty/main.go:193.3,194.10 2 0
github.com/jkleemann/coltty/main.go:194.10,196.4 1 0
github.com/jkleemann/coltty/main.go:198.3,201.48 2 0
github.com/jkleemann/coltty/main.go:201.48,203.4 1 0
github.com/jkleemann/coltty/main.go:205.3,206.16 2 0
github.com/jkleemann/coltty/main.go:206.16,208.4 1 0
github.com/jkleemann/coltty/main.go:208.9,210.4 1 0
github.com/jkleemann/coltty/main.go:212.3,212.73 1 0
github.com/jkleemann/coltty/main.go:212.73,214.4 1 0
github.com/jkleemann/coltty/main.go:217.3,234.15 4 0
github.com/jkleemann/coltty/main.go:234.15,235.49 1 0
github.com/jkleemann/coltty/main.go:235.49,237.5 1 0
github.com/jkleemann/coltty/main.go:240.3,241.13 2 0
github.com/jkleemann/coltty/main.go:246.72,247.22 1 1
github.com/jkleemann/coltty/main.go:247.22,248.43 1 1
github.com/jkleemann/coltty/main.go:248.43,250.4 1 1
github.com/jkleemann/coltty/main.go:252.2,252.39 1 1
github.com/jkleemann/coltty/main.go:252.39,254.3 1 1
github.com/jkleemann/coltty/main.go:255.2,255.24 1 1
github.com/jkleemann/coltty/main.go:259.61,265.24 6 1
github.com/jkleemann/coltty/main.go:265.24,267.42 2 1
github.com/jkleemann/coltty/main.go:267.42,269.28 2 1
github.com/jkleemann/coltty/main.go:269.28,271.5 1 1
github.com/jkleemann/coltty/main.go:272.4,273.39 2 1
github.com/jkleemann/coltty/main.go:273.39,275.5 1 1
github.com/jkleemann/coltty/main.go:276.4,278.28 3 1
github.com/jkleemann/coltty/main.go:278.28,280.5 1 1
github.com/jkleemann/coltty/main.go:281.4,281.23 1 1
github.com/jkleemann/coltty/main.go:283.3,283.23 1 1
github.com/jkleemann/coltty/main.go:285.2,285.19 1 1
github.com/jkleemann/coltty/main.go:288.13,299.2 8 1
github.com/jkleemann/coltty/main.go:303.34,318.55 5 1
github.com/jkleemann/coltty/main.go:318.55,320.18 2 1
github.com/jkleemann/coltty/main.go:320.18,322.5 1 0
github.com/jkleemann/coltty/main.go:323.4,324.14 2 1
github.com/jkleemann/coltty/main.go:328.2,331.55 1 1
github.com/jkleemann/coltty/main.go:331.55,333.18 2 1
github.com/jkleemann/coltty/main.go:333.18,335.5 1 0
github.com/jkleemann/coltty/main.go:337.4,338.18 2 1
github.com/jkleemann/coltty/main.go:338.18,340.5 1 0
github.com/jkleemann/coltty/main.go:342.4,343.18 2 1
github.com/jkleemann/coltty/main.go:343.18,345.5 1 0
github.com/jkleemann/coltty/main.go:347.4,347.46 1 1
github.com/jkleemann/coltty/main.go:347.46,349.5 1 0
github.com/jkleemann/coltty/main.go:351.4,351.19 1 1
github.com/jkleemann/coltty/main.go:351.19,354.5 2 1
github.com/jkleemann/coltty/main.go:356.4,358.41 2 1
github.com/jkleemann/coltty/main.go:358.41,360.5 1 0
github.com/jkleemann/coltty/main.go:362.4,363.16 2 1
github.com/jkleemann/coltty/main.go:363.16,364.20 1 0
github.com/jkleemann/coltty/main.go:364.20,366.6 1 0
github.com/jkleemann/coltty/main.go:367.5,367.15 1 0
github.com/jkleemann/coltty/main.go:370.4,370.49 1 1
github.com/jkleemann/coltty/main.go:370.49,371.20 1 1
github.com/jkleemann/coltty/main.go:371.20,373.6 1 1
github.com/jkleemann/coltty/main.go:374.5,374.15 1 1
github.com/jkleemann/coltty/main.go:377.4,377.19 1 0
github.com/jkleemann/coltty/main.go:377.19,379.5 1 0
github.com/jkleemann/coltty/main.go:381.4,381.14 1 0
github.com/jkleemann/coltty/main.go:385.2,388.55 1 1
github.com/jkleemann/coltty/main.go:388.55,390.18 2 1
github.com/jkleemann/coltty/main.go:390.18,392.5 1 0
github.com/jkleemann/coltty/main.go:394.4,395.18 2 1
github.com/jkleemann/coltty/main.go:395.18,397.5 1 0
github.com/jkleemann/coltty/main.go:399.4,400.18 2 1
github.com/jkleemann/coltty/main.go:400.18,402.5 1 0
github.com/jkleemann/coltty/main.go:404.4,405.14 2 1
github.com/jkleemann/coltty/main.go:409.2,412.55 1 1
github.com/jkleemann/coltty/main.go:412.55,414.18 2 1
github.com/jkleemann/coltty/main.go:414.18,416.5 1 0
github.com/jkleemann/coltty/main.go:418.4,419.24 2 1
github.com/jkleemann/coltty/main.go:419.24,421.5 1 1
github.com/jkleemann/coltty/main.go:423.4,429.42 3 1
github.com/jkleemann/coltty/main.go:429.42,431.5 1 1
github.com/jkleemann/coltty/main.go:433.4,433.24 1 1
github.com/jkleemann/coltty/main.go:433.24,434.44 1 1
github.com/jkleemann/coltty/main.go:434.44,436.50 2 1
github.com/jkleemann/coltty/main.go:436.50,438.7 1 1
github.com/jkleemann/coltty/main.go:439.6,439.54 1 1
github.com/jkleemann/coltty/main.go:443.4,443.25 1 1
github.com/jkleemann/coltty/main.go:443.25,446.5 2 0
github.com/jkleemann/coltty/main.go:448.4,449.30 2 1
github.com/jkleemann/coltty/main.go:449.30,451.5 1 1
github.com/jkleemann/coltty/main.go:452.4,454.31 2 1
github.com/jkleemann/coltty/main.go:454.31,457.30 3 1
github.com/jkleemann/coltty/main.go:457.30,459.6 1 1
github.com/jkleemann/coltty/main.go:460.5,460.128 1 1
github.com/jkleemann/coltty/main.go:463.4,463.14 1 1
github.com/jkleemann/coltty/main.go:467.2,471.55 1 1
github.com/jkleemann/coltty/main.go:471.55,475.18 3 1
github.com/jkleemann/coltty/main.go:475.18,477.5 1 0
github.com/jkleemann/coltty/main.go:479.4,480.11 2 1
github.com/jkleemann/coltty/main.go:480.11,482.5 1 1
github.com/jkleemann/coltty/main.go:484.4,486.49 2 1
github.com/jkleemann/coltty/main.go:486.49,488.5 1 1
github.com/jkleemann/coltty/main.go:490.4,491.17 2 1
github.com/jkleemann/coltty/main.go:491.17,493.5 1 1
github.com/jkleemann/coltty/main.go:493.10,495.5 1 1
github.com/jkleemann/coltty/main.go:497.4,497.74 1 1
github.com/jkleemann/coltty/main.go:497.74,499.5 1 0
github.com/jkleemann/coltty/main.go:501.4,518.16 4 1
github.com/jkleemann/coltty/main.go:518.16,519.50 1 1
github.com/jkleemann/coltty/main.go:519.50,521.6 1 0
github.com/jkleemann/coltty/main.go:524.4,525.14 2 1
github.com/jkleemann/coltty/main.go:529.2,541.16 11 1
github.com/jkleemann/coltty/main.go:544.13,545.47 1 0
github.com/jkleemann/coltty/main.go:545.47,547.3 1 0
github.com/jkleemann/coltty/main.go:550.37,555.24 5 1
github.com/jkleemann/coltty/main.go:555.24,557.3 1 1
github.com/jkleemann/coltty/main.go:560.65,562.18 2 1
github.com/jkleemann/coltty/main.go:562.18,564.3 1 1
github.com/jkleemann/coltty/main.go:565.2,565.33 1 1
github.com/jkleemann/coltty/main.go:565.33,567.3 1 1
github.com/jkleemann/coltty/main.go:568.2,568.33 1 1
github.com/jkleemann/coltty/main.go:568.33,570.3 1 1
github.com/jkleemann/coltty/main.go:571.2,571.17 1 1
github.com/jkleemann/coltty/main.go:571.17,573.3 1 1
github.com/jkleemann/coltty/main.go:574.2,574.25 1 1
github.com/jkleemann/coltty/main.go:574.25,576.3 1 1
github.com/jkleemann/coltty/main.go:577.2,577.32 1 1
github.com/jkleemann/coltty/main.go:577.32,579.3 1 1
github.com/jkleemann/coltty/main.go:582.2,583.21 2 1
github.com/jkleemann/coltty/main.go:583.21,585.3 1 1
github.com/jkleemann/coltty/main.go:587.2,594.3 1 1
github.com/jkleemann/coltty/resolver.go:14.81,16.16 2 1
github.com/jkleemann/coltty/resolver.go:16.16,18.3 1 0
github.com/jkleemann/coltty/resolver.go:20.2,22.6 2 1
github.com/jkleemann/coltty/resolver.go:22.6,24.48 2 1
github.com/jkleemann/coltty/resolver.go:24.48,26.18 2 1
github.com/jkleemann/coltty/resolver.go:26.18,30.10 3 1
github.com/jkleemann/coltty/resolver.go:32.4,33.9 2 1
github.com/jkleemann/coltty/resolver.go:36.3,37.20 2 1
github.com/jkleemann/coltty/resolver.go:37.20,38.9 1 1
github.com/jkleemann/coltty/resolver.go:40.3,40.15 1 1
github.com/jkleemann/coltty/resolver.go:43.2,43.19 1 1
github.com/jkleemann/coltty/resolver.go:43.19,46.3 1 1
github.com/jkleemann/coltty/resolver.go:48.2,48.20 1 1
github.com/jkleemann/coltty/shell.go:6.46,7.15 1 1
github.com/jkleemann/coltty/shell.go:8.13,9.24 1 1
github.com/jkleemann/coltty/shell.go:10.14,11.25 1 1
github.com/jkleemann/coltty/shell.go:12.14,13.25 1 1
github.com/jkleemann/coltty/shell.go:14.10,15.85 1 1
github.com/jkleemann/coltty/shell.go:19.23,27.2 1 1
github.com/jkleemann/coltty/shell.go:29.24,41.2 1 1
github.com/jkleemann/coltty/shell.go:43.24,50.2 1 1
